=== RUN   TestVerifyH0_EmptyTypeMetaIsRecoveredFromScheme
=== RUN   TestVerifyH0_EmptyTypeMetaIsRecoveredFromScheme/Dataset
    owner_reference_verify_test.go:70: Kind: got "", want "Dataset"
    owner_reference_verify_test.go:73: APIVersion: got "/", want "data.fluid.io/v1alpha1"
=== RUN   TestVerifyH0_EmptyTypeMetaIsRecoveredFromScheme/DataLoad
    owner_reference_verify_test.go:70: Kind: got "", want "DataLoad"
    owner_reference_verify_test.go:73: APIVersion: got "/", want "data.fluid.io/v1alpha1"
=== RUN   TestVerifyH0_EmptyTypeMetaIsRecoveredFromScheme/DataMigrate
    owner_reference_verify_test.go:70: Kind: got "", want "DataMigrate"
    owner_reference_verify_test.go:73: APIVersion: got "/", want "data.fluid.io/v1alpha1"
=== RUN   TestVerifyH0_EmptyTypeMetaIsRecoveredFromScheme/DataProcess
    owner_reference_verify_test.go:70: Kind: got "", want "DataProcess"
    owner_reference_verify_test.go:73: APIVersion: got "/", want "data.fluid.io/v1alpha1"
=== RUN   TestVerifyH0_EmptyTypeMetaIsRecoveredFromScheme/AlluxioRuntime
    owner_reference_verify_test.go:70: Kind: got "", want "AlluxioRuntime"
    owner_reference_verify_test.go:73: APIVersion: got "/", want "data.fluid.io/v1alpha1"
=== RUN   TestVerifyH0_EmptyTypeMetaIsRecoveredFromScheme/JuiceFSRuntime
    owner_reference_verify_test.go:70: Kind: got "", want "JuiceFSRuntime"
    owner_reference_verify_test.go:73: APIVersion: got "/", want "data.fluid.io/v1alpha1"
=== RUN   TestVerifyH0_EmptyTypeMetaIsRecoveredFromScheme/ThinRuntime
    owner_reference_verify_test.go:70: Kind: got "", want "ThinRuntime"
    owner_reference_verify_test.go:73: APIVersion: got "/", want "data.fluid.io/v1alpha1"
--- FAIL: TestVerifyH0_EmptyTypeMetaIsRecoveredFromScheme (0.00s)
    --- FAIL: TestVerifyH0_EmptyTypeMetaIsRecoveredFromScheme/Dataset (0.00s)
    --- FAIL: TestVerifyH0_EmptyTypeMetaIsRecoveredFromScheme/DataLoad (0.00s)
    --- FAIL: TestVerifyH0_EmptyTypeMetaIsRecoveredFromScheme/DataMigrate (0.00s)
    --- FAIL: TestVerifyH0_EmptyTypeMetaIsRecoveredFromScheme/DataProcess (0.00s)
    --- FAIL: TestVerifyH0_EmptyTypeMetaIsRecoveredFromScheme/AlluxioRuntime (0.00s)
    --- FAIL: TestVerifyH0_EmptyTypeMetaIsRecoveredFromScheme/JuiceFSRuntime (0.00s)
    --- FAIL: TestVerifyH0_EmptyTypeMetaIsRecoveredFromScheme/ThinRuntime (0.00s)
=== RUN   TestVerifyH1_PartialTypeMetaStillYieldsMalformedRef
=== RUN   TestVerifyH1_PartialTypeMetaStillYieldsMalformedRef/KindOnly
    owner_reference_verify_test.go:122: H1 observed: input TypeMeta{Kind:"DataLoad" APIVersion:""} -> OwnerReference{Kind:"DataLoad" APIVersion:"/"}
    owner_reference_verify_test.go:129: APIVersion: got "/", want "data.fluid.io/v1alpha1" (recovery skipped because gvk.Empty()==false)
=== RUN   TestVerifyH1_PartialTypeMetaStillYieldsMalformedRef/APIVersionOnly
    owner_reference_verify_test.go:122: H1 observed: input TypeMeta{Kind:"" APIVersion:"data.fluid.io/v1alpha1"} -> OwnerReference{Kind:"" APIVersion:"data.fluid.io/v1alpha1"}
    owner_reference_verify_test.go:126: Kind: got "", want "DataLoad" (recovery skipped because gvk.Empty()==false)
=== RUN   TestVerifyH1_PartialTypeMetaStillYieldsMalformedRef/BareVersionOnly
    owner_reference_verify_test.go:122: H1 observed: input TypeMeta{Kind:"" APIVersion:"v1alpha1"} -> OwnerReference{Kind:"" APIVersion:"/v1alpha1"}
    owner_reference_verify_test.go:126: Kind: got "", want "DataLoad" (recovery skipped because gvk.Empty()==false)
    owner_reference_verify_test.go:129: APIVersion: got "/v1alpha1", want "data.fluid.io/v1alpha1" (recovery skipped because gvk.Empty()==false)
--- FAIL: TestVerifyH1_PartialTypeMetaStillYieldsMalformedRef (0.00s)
    --- FAIL: TestVerifyH1_PartialTypeMetaStillYieldsMalformedRef/KindOnly (0.00s)
    --- FAIL: TestVerifyH1_PartialTypeMetaStillYieldsMalformedRef/APIVersionOnly (0.00s)
    --- FAIL: TestVerifyH1_PartialTypeMetaStillYieldsMalformedRef/BareVersionOnly (0.00s)
=== RUN   TestVerifyH1Canary_ObservedPartialTypeMetaOutput
=== RUN   TestVerifyH1Canary_ObservedPartialTypeMetaOutput/KindOnly
    owner_reference_verify_test.go:161: canary flipped: got Kind="DataLoad" APIVersion="/", previously observed Kind="DataLoad" APIVersion=""
=== RUN   TestVerifyH1Canary_ObservedPartialTypeMetaOutput/APIVersionOnly
=== RUN   TestVerifyH1Canary_ObservedPartialTypeMetaOutput/BareVersionOnly
    owner_reference_verify_test.go:161: canary flipped: got Kind="" APIVersion="/v1alpha1", previously observed Kind="" APIVersion="v1alpha1"
--- FAIL: TestVerifyH1Canary_ObservedPartialTypeMetaOutput (0.00s)
    --- FAIL: TestVerifyH1Canary_ObservedPartialTypeMetaOutput/KindOnly (0.00s)
    --- PASS: TestVerifyH1Canary_ObservedPartialTypeMetaOutput/APIVersionOnly (0.00s)
    --- FAIL: TestVerifyH1Canary_ObservedPartialTypeMetaOutput/BareVersionOnly (0.00s)
=== RUN   TestVerifyH1_EmptyPredicateSemantics
--- PASS: TestVerifyH1_EmptyPredicateSemantics (0.00s)
=== RUN   TestVerifyH2_UnregisteredTypeDegradesSilently
    owner_reference_verify_test.go:214: H2 precondition: apiutil.GVKForObject error is swallowed by the caller: no kind is registered for the type v1.ConfigMap in scheme "pkg/utils/transformer/owner_reference_verify_test.go:207"
    owner_reference_verify_test.go:218: H2 observed: unregistered *v1.ConfigMap -> OwnerReference{Kind:"" APIVersion:"/" Enabled:true Controller:true}
    owner_reference_verify_test.go:226: silent degradation confirmed: returned an unusable ownerReference {Kind:"" APIVersion:"/"} with Enabled=true and no error/log for the caller to act on
--- FAIL: TestVerifyH2_UnregisteredTypeDegradesSilently (0.00s)
=== RUN   TestVerifyH3Canary_BlockOwnerDeletionIsFalseWithControllerTrue
    owner_reference_verify_test.go:259: H3 observed: Controller=true BlockOwnerDeletion=false
--- PASS: TestVerifyH3Canary_BlockOwnerDeletionIsFalseWithControllerTrue (0.00s)
FAIL
FAIL	github.com/fluid-cloudnative/fluid/pkg/utils/transformer	0.282s
FAIL
