{"Time":"2026-07-28T15:23:12.362850769+08:00","Action":"start","Package":"github.com/fluid-cloudnative/fluid/pkg/utils/transformer"}
{"Time":"2026-07-28T15:23:12.564153451+08:00","Action":"run","Package":"github.com/fluid-cloudnative/fluid/pkg/utils/transformer","Test":"TestVerifyH0_EmptyTypeMetaIsRecoveredFromScheme"}
{"Time":"2026-07-28T15:23:12.564180202+08:00","Action":"output","Package":"github.com/fluid-cloudnative/fluid/pkg/utils/transformer","Test":"TestVerifyH0_EmptyTypeMetaIsRecoveredFromScheme","Output":"=== RUN   TestVerifyH0_EmptyTypeMetaIsRecoveredFromScheme\n"}
{"Time":"2026-07-28T15:23:12.568146577+08:00","Action":"run","Package":"github.com/fluid-cloudnative/fluid/pkg/utils/transformer","Test":"TestVerifyH0_EmptyTypeMetaIsRecoveredFromScheme/Dataset"}
{"Time":"2026-07-28T15:23:12.568152036+08:00","Action":"output","Package":"github.com/fluid-cloudnative/fluid/pkg/utils/transformer","Test":"TestVerifyH0_EmptyTypeMetaIsRecoveredFromScheme/Dataset","Output":"=== RUN   TestVerifyH0_EmptyTypeMetaIsRecoveredFromScheme/Dataset\n"}
{"Time":"2026-07-28T15:23:12.568157288+08:00","Action":"output","Package":"github.com/fluid-cloudnative/fluid/pkg/utils/transformer","Test":"TestVerifyH0_EmptyTypeMetaIsRecoveredFromScheme/Dataset","Output":"--- PASS: TestVerifyH0_EmptyTypeMetaIsRecoveredFromScheme/Dataset (0.00s)\n"}
{"Time":"2026-07-28T15:23:12.568163589+08:00","Action":"pass","Package":"github.com/fluid-cloudnative/fluid/pkg/utils/transformer","Test":"TestVerifyH0_EmptyTypeMetaIsRecoveredFromScheme/Dataset","Elapsed":0}
{"Time":"2026-07-28T15:23:12.568169734+08:00","Action":"run","Package":"github.com/fluid-cloudnative/fluid/pkg/utils/transformer","Test":"TestVerifyH0_EmptyTypeMetaIsRecoveredFromScheme/DataLoad"}
{"Time":"2026-07-28T15:23:12.568172025+08:00","Action":"output","Package":"github.com/fluid-cloudnative/fluid/pkg/utils/transformer","Test":"TestVerifyH0_EmptyTypeMetaIsRecoveredFromScheme/DataLoad","Output":"=== RUN   TestVerifyH0_EmptyTypeMetaIsRecoveredFromScheme/DataLoad\n"}
{"Time":"2026-07-28T15:23:12.56817511+08:00","Action":"output","Package":"github.com/fluid-cloudnative/fluid/pkg/utils/transformer","Test":"TestVerifyH0_EmptyTypeMetaIsRecoveredFromScheme/DataLoad","Output":"--- PASS: TestVerifyH0_EmptyTypeMetaIsRecoveredFromScheme/DataLoad (0.00s)\n"}
{"Time":"2026-07-28T15:23:12.568177833+08:00","Action":"pass","Package":"github.com/fluid-cloudnative/fluid/pkg/utils/transformer","Test":"TestVerifyH0_EmptyTypeMetaIsRecoveredFromScheme/DataLoad","Elapsed":0}
{"Time":"2026-07-28T15:23:12.568181306+08:00","Action":"run","Package":"github.com/fluid-cloudnative/fluid/pkg/utils/transformer","Test":"TestVerifyH0_EmptyTypeMetaIsRecoveredFromScheme/DataMigrate"}
{"Time":"2026-07-28T15:23:12.568183398+08:00","Action":"output","Package":"github.com/fluid-cloudnative/fluid/pkg/utils/transformer","Test":"TestVerifyH0_EmptyTypeMetaIsRecoveredFromScheme/DataMigrate","Output":"=== RUN   TestVerifyH0_EmptyTypeMetaIsRecoveredFromScheme/DataMigrate\n"}
{"Time":"2026-07-28T15:23:12.568187671+08:00","Action":"output","Package":"github.com/fluid-cloudnative/fluid/pkg/utils/transformer","Test":"TestVerifyH0_EmptyTypeMetaIsRecoveredFromScheme/DataMigrate","Output":"--- PASS: TestVerifyH0_EmptyTypeMetaIsRecoveredFromScheme/DataMigrate (0.00s)\n"}
{"Time":"2026-07-28T15:23:12.568193883+08:00","Action":"pass","Package":"github.com/fluid-cloudnative/fluid/pkg/utils/transformer","Test":"TestVerifyH0_EmptyTypeMetaIsRecoveredFromScheme/DataMigrate","Elapsed":0}
{"Time":"2026-07-28T15:23:12.568197722+08:00","Action":"run","Package":"github.com/fluid-cloudnative/fluid/pkg/utils/transformer","Test":"TestVerifyH0_EmptyTypeMetaIsRecoveredFromScheme/DataProcess"}
{"Time":"2026-07-28T15:23:12.568200823+08:00","Action":"output","Package":"github.com/fluid-cloudnative/fluid/pkg/utils/transformer","Test":"TestVerifyH0_EmptyTypeMetaIsRecoveredFromScheme/DataProcess","Output":"=== RUN   TestVerifyH0_EmptyTypeMetaIsRecoveredFromScheme/DataProcess\n"}
{"Time":"2026-07-28T15:23:12.568205696+08:00","Action":"output","Package":"github.com/fluid-cloudnative/fluid/pkg/utils/transformer","Test":"TestVerifyH0_EmptyTypeMetaIsRecoveredFromScheme/DataProcess","Output":"--- PASS: TestVerifyH0_EmptyTypeMetaIsRecoveredFromScheme/DataProcess (0.00s)\n"}
{"Time":"2026-07-28T15:23:12.568221446+08:00","Action":"pass","Package":"github.com/fluid-cloudnative/fluid/pkg/utils/transformer","Test":"TestVerifyH0_EmptyTypeMetaIsRecoveredFromScheme/DataProcess","Elapsed":0}
{"Time":"2026-07-28T15:23:12.568224318+08:00","Action":"run","Package":"github.com/fluid-cloudnative/fluid/pkg/utils/transformer","Test":"TestVerifyH0_EmptyTypeMetaIsRecoveredFromScheme/AlluxioRuntime"}
{"Time":"2026-07-28T15:23:12.568226395+08:00","Action":"output","Package":"github.com/fluid-cloudnative/fluid/pkg/utils/transformer","Test":"TestVerifyH0_EmptyTypeMetaIsRecoveredFromScheme/AlluxioRuntime","Output":"=== RUN   TestVerifyH0_EmptyTypeMetaIsRecoveredFromScheme/AlluxioRuntime\n"}
{"Time":"2026-07-28T15:23:12.568229263+08:00","Action":"output","Package":"github.com/fluid-cloudnative/fluid/pkg/utils/transformer","Test":"TestVerifyH0_EmptyTypeMetaIsRecoveredFromScheme/AlluxioRuntime","Output":"--- PASS: TestVerifyH0_EmptyTypeMetaIsRecoveredFromScheme/AlluxioRuntime (0.00s)\n"}
{"Time":"2026-07-28T15:23:12.568231653+08:00","Action":"pass","Package":"github.com/fluid-cloudnative/fluid/pkg/utils/transformer","Test":"TestVerifyH0_EmptyTypeMetaIsRecoveredFromScheme/AlluxioRuntime","Elapsed":0}
{"Time":"2026-07-28T15:23:12.568234187+08:00","Action":"run","Package":"github.com/fluid-cloudnative/fluid/pkg/utils/transformer","Test":"TestVerifyH0_EmptyTypeMetaIsRecoveredFromScheme/JuiceFSRuntime"}
{"Time":"2026-07-28T15:23:12.568236333+08:00","Action":"output","Package":"github.com/fluid-cloudnative/fluid/pkg/utils/transformer","Test":"TestVerifyH0_EmptyTypeMetaIsRecoveredFromScheme/JuiceFSRuntime","Output":"=== RUN   TestVerifyH0_EmptyTypeMetaIsRecoveredFromScheme/JuiceFSRuntime\n"}
{"Time":"2026-07-28T15:23:12.568239071+08:00","Action":"output","Package":"github.com/fluid-cloudnative/fluid/pkg/utils/transformer","Test":"TestVerifyH0_EmptyTypeMetaIsRecoveredFromScheme/JuiceFSRuntime","Output":"--- PASS: TestVerifyH0_EmptyTypeMetaIsRecoveredFromScheme/JuiceFSRuntime (0.00s)\n"}
{"Time":"2026-07-28T15:23:12.568241639+08:00","Action":"pass","Package":"github.com/fluid-cloudnative/fluid/pkg/utils/transformer","Test":"TestVerifyH0_EmptyTypeMetaIsRecoveredFromScheme/JuiceFSRuntime","Elapsed":0}
{"Time":"2026-07-28T15:23:12.56824399+08:00","Action":"run","Package":"github.com/fluid-cloudnative/fluid/pkg/utils/transformer","Test":"TestVerifyH0_EmptyTypeMetaIsRecoveredFromScheme/ThinRuntime"}
{"Time":"2026-07-28T15:23:12.568251719+08:00","Action":"output","Package":"github.com/fluid-cloudnative/fluid/pkg/utils/transformer","Test":"TestVerifyH0_EmptyTypeMetaIsRecoveredFromScheme/ThinRuntime","Output":"=== RUN   TestVerifyH0_EmptyTypeMetaIsRecoveredFromScheme/ThinRuntime\n"}
{"Time":"2026-07-28T15:23:12.568254411+08:00","Action":"output","Package":"github.com/fluid-cloudnative/fluid/pkg/utils/transformer","Test":"TestVerifyH0_EmptyTypeMetaIsRecoveredFromScheme/ThinRuntime","Output":"--- PASS: TestVerifyH0_EmptyTypeMetaIsRecoveredFromScheme/ThinRuntime (0.00s)\n"}
{"Time":"2026-07-28T15:23:12.568256678+08:00","Action":"pass","Package":"github.com/fluid-cloudnative/fluid/pkg/utils/transformer","Test":"TestVerifyH0_EmptyTypeMetaIsRecoveredFromScheme/ThinRuntime","Elapsed":0}
{"Time":"2026-07-28T15:23:12.568259224+08:00","Action":"output","Package":"github.com/fluid-cloudnative/fluid/pkg/utils/transformer","Test":"TestVerifyH0_EmptyTypeMetaIsRecoveredFromScheme","Output":"--- PASS: TestVerifyH0_EmptyTypeMetaIsRecoveredFromScheme (0.00s)\n"}
{"Time":"2026-07-28T15:23:12.568261691+08:00","Action":"pass","Package":"github.com/fluid-cloudnative/fluid/pkg/utils/transformer","Test":"TestVerifyH0_EmptyTypeMetaIsRecoveredFromScheme","Elapsed":0}
{"Time":"2026-07-28T15:23:12.56826389+08:00","Action":"run","Package":"github.com/fluid-cloudnative/fluid/pkg/utils/transformer","Test":"TestVerifyH1_PartialTypeMetaStillYieldsMalformedRef"}
{"Time":"2026-07-28T15:23:12.568266258+08:00","Action":"output","Package":"github.com/fluid-cloudnative/fluid/pkg/utils/transformer","Test":"TestVerifyH1_PartialTypeMetaStillYieldsMalformedRef","Output":"=== RUN   TestVerifyH1_PartialTypeMetaStillYieldsMalformedRef\n"}
{"Time":"2026-07-28T15:23:12.568270414+08:00","Action":"run","Package":"github.com/fluid-cloudnative/fluid/pkg/utils/transformer","Test":"TestVerifyH1_PartialTypeMetaStillYieldsMalformedRef/KindOnly"}
{"Time":"2026-07-28T15:23:12.568272443+08:00","Action":"output","Package":"github.com/fluid-cloudnative/fluid/pkg/utils/transformer","Test":"TestVerifyH1_PartialTypeMetaStillYieldsMalformedRef/KindOnly","Output":"=== RUN   TestVerifyH1_PartialTypeMetaStillYieldsMalformedRef/KindOnly\n"}
{"Time":"2026-07-28T15:23:12.568275931+08:00","Action":"output","Package":"github.com/fluid-cloudnative/fluid/pkg/utils/transformer","Test":"TestVerifyH1_PartialTypeMetaStillYieldsMalformedRef/KindOnly","Output":"    owner_reference_verify_test.go:124: H1 observed: input TypeMeta{Kind:\"DataLoad\" APIVersion:\"\"} -\u003e OwnerReference{Kind:\"DataLoad\" APIVersion:\"\"}\n"}
{"Time":"2026-07-28T15:23:12.568281706+08:00","Action":"output","Package":"github.com/fluid-cloudnative/fluid/pkg/utils/transformer","Test":"TestVerifyH1_PartialTypeMetaStillYieldsMalformedRef/KindOnly","Output":"    owner_reference_verify_test.go:131: APIVersion: got \"\", want \"data.fluid.io/v1alpha1\" (recovery skipped because gvk.Empty()==false)\n"}
{"Time":"2026-07-28T15:23:12.56828928+08:00","Action":"output","Package":"github.com/fluid-cloudnative/fluid/pkg/utils/transformer","Test":"TestVerifyH1_PartialTypeMetaStillYieldsMalformedRef/KindOnly","Output":"--- FAIL: TestVerifyH1_PartialTypeMetaStillYieldsMalformedRef/KindOnly (0.00s)\n"}
{"Time":"2026-07-28T15:23:12.568293537+08:00","Action":"fail","Package":"github.com/fluid-cloudnative/fluid/pkg/utils/transformer","Test":"TestVerifyH1_PartialTypeMetaStillYieldsMalformedRef/KindOnly","Elapsed":0}
{"Time":"2026-07-28T15:23:12.568295866+08:00","Action":"run","Package":"github.com/fluid-cloudnative/fluid/pkg/utils/transformer","Test":"TestVerifyH1_PartialTypeMetaStillYieldsMalformedRef/APIVersionOnly"}
{"Time":"2026-07-28T15:23:12.568297864+08:00","Action":"output","Package":"github.com/fluid-cloudnative/fluid/pkg/utils/transformer","Test":"TestVerifyH1_PartialTypeMetaStillYieldsMalformedRef/APIVersionOnly","Output":"=== RUN   TestVerifyH1_PartialTypeMetaStillYieldsMalformedRef/APIVersionOnly\n"}
{"Time":"2026-07-28T15:23:12.568300295+08:00","Action":"output","Package":"github.com/fluid-cloudnative/fluid/pkg/utils/transformer","Test":"TestVerifyH1_PartialTypeMetaStillYieldsMalformedRef/APIVersionOnly","Output":"    owner_reference_verify_test.go:124: H1 observed: input TypeMeta{Kind:\"\" APIVersion:\"data.fluid.io/v1alpha1\"} -\u003e OwnerReference{Kind:\"\" APIVersion:\"data.fluid.io/v1alpha1\"}\n"}
{"Time":"2026-07-28T15:23:12.568303076+08:00","Action":"output","Package":"github.com/fluid-cloudnative/fluid/pkg/utils/transformer","Test":"TestVerifyH1_PartialTypeMetaStillYieldsMalformedRef/APIVersionOnly","Output":"    owner_reference_verify_test.go:128: Kind: got \"\", want \"DataLoad\" (recovery skipped because gvk.Empty()==false)\n"}
{"Time":"2026-07-28T15:23:12.568306828+08:00","Action":"output","Package":"github.com/fluid-cloudnative/fluid/pkg/utils/transformer","Test":"TestVerifyH1_PartialTypeMetaStillYieldsMalformedRef/APIVersionOnly","Output":"--- FAIL: TestVerifyH1_PartialTypeMetaStillYieldsMalformedRef/APIVersionOnly (0.00s)\n"}
{"Time":"2026-07-28T15:23:12.568309202+08:00","Action":"fail","Package":"github.com/fluid-cloudnative/fluid/pkg/utils/transformer","Test":"TestVerifyH1_PartialTypeMetaStillYieldsMalformedRef/APIVersionOnly","Elapsed":0}
{"Time":"2026-07-28T15:23:12.568313087+08:00","Action":"run","Package":"github.com/fluid-cloudnative/fluid/pkg/utils/transformer","Test":"TestVerifyH1_PartialTypeMetaStillYieldsMalformedRef/BareVersionOnly"}
{"Time":"2026-07-28T15:23:12.568315117+08:00","Action":"output","Package":"github.com/fluid-cloudnative/fluid/pkg/utils/transformer","Test":"TestVerifyH1_PartialTypeMetaStillYieldsMalformedRef/BareVersionOnly","Output":"=== RUN   TestVerifyH1_PartialTypeMetaStillYieldsMalformedRef/BareVersionOnly\n"}
{"Time":"2026-07-28T15:23:12.568319561+08:00","Action":"output","Package":"github.com/fluid-cloudnative/fluid/pkg/utils/transformer","Test":"TestVerifyH1_PartialTypeMetaStillYieldsMalformedRef/BareVersionOnly","Output":"    owner_reference_verify_test.go:124: H1 observed: input TypeMeta{Kind:\"\" APIVersion:\"v1alpha1\"} -\u003e OwnerReference{Kind:\"\" APIVersion:\"v1alpha1\"}\n"}
{"Time":"2026-07-28T15:23:12.568323317+08:00","Action":"output","Package":"github.com/fluid-cloudnative/fluid/pkg/utils/transformer","Test":"TestVerifyH1_PartialTypeMetaStillYieldsMalformedRef/BareVersionOnly","Output":"    owner_reference_verify_test.go:128: Kind: got \"\", want \"DataLoad\" (recovery skipped because gvk.Empty()==false)\n"}
{"Time":"2026-07-28T15:23:12.568325971+08:00","Action":"output","Package":"github.com/fluid-cloudnative/fluid/pkg/utils/transformer","Test":"TestVerifyH1_PartialTypeMetaStillYieldsMalformedRef/BareVersionOnly","Output":"    owner_reference_verify_test.go:131: APIVersion: got \"v1alpha1\", want \"data.fluid.io/v1alpha1\" (recovery skipped because gvk.Empty()==false)\n"}
{"Time":"2026-07-28T15:23:12.568328841+08:00","Action":"output","Package":"github.com/fluid-cloudnative/fluid/pkg/utils/transformer","Test":"TestVerifyH1_PartialTypeMetaStillYieldsMalformedRef/BareVersionOnly","Output":"--- FAIL: TestVerifyH1_PartialTypeMetaStillYieldsMalformedRef/BareVersionOnly (0.00s)\n"}
{"Time":"2026-07-28T15:23:12.568331174+08:00","Action":"fail","Package":"github.com/fluid-cloudnative/fluid/pkg/utils/transformer","Test":"TestVerifyH1_PartialTypeMetaStillYieldsMalformedRef/BareVersionOnly","Elapsed":0}
{"Time":"2026-07-28T15:23:12.568333716+08:00","Action":"output","Package":"github.com/fluid-cloudnative/fluid/pkg/utils/transformer","Test":"TestVerifyH1_PartialTypeMetaStillYieldsMalformedRef","Output":"--- FAIL: TestVerifyH1_PartialTypeMetaStillYieldsMalformedRef (0.00s)\n"}
{"Time":"2026-07-28T15:23:12.568336291+08:00","Action":"fail","Package":"github.com/fluid-cloudnative/fluid/pkg/utils/transformer","Test":"TestVerifyH1_PartialTypeMetaStillYieldsMalformedRef","Elapsed":0}
{"Time":"2026-07-28T15:23:12.568338457+08:00","Action":"run","Package":"github.com/fluid-cloudnative/fluid/pkg/utils/transformer","Test":"TestVerifyH1Canary_ObservedPartialTypeMetaOutput"}
{"Time":"2026-07-28T15:23:12.568340525+08:00","Action":"output","Package":"github.com/fluid-cloudnative/fluid/pkg/utils/transformer","Test":"TestVerifyH1Canary_ObservedPartialTypeMetaOutput","Output":"=== RUN   TestVerifyH1Canary_ObservedPartialTypeMetaOutput\n"}
{"Time":"2026-07-28T15:23:12.568342958+08:00","Action":"run","Package":"github.com/fluid-cloudnative/fluid/pkg/utils/transformer","Test":"TestVerifyH1Canary_ObservedPartialTypeMetaOutput/KindOnly"}
{"Time":"2026-07-28T15:23:12.568344901+08:00","Action":"output","Package":"github.com/fluid-cloudnative/fluid/pkg/utils/transformer","Test":"TestVerifyH1Canary_ObservedPartialTypeMetaOutput/KindOnly","Output":"=== RUN   TestVerifyH1Canary_ObservedPartialTypeMetaOutput/KindOnly\n"}
{"Time":"2026-07-28T15:23:12.568347558+08:00","Action":"output","Package":"github.com/fluid-cloudnative/fluid/pkg/utils/transformer","Test":"TestVerifyH1Canary_ObservedPartialTypeMetaOutput/KindOnly","Output":"--- PASS: TestVerifyH1Canary_ObservedPartialTypeMetaOutput/KindOnly (0.00s)\n"}
{"Time":"2026-07-28T15:23:12.568353676+08:00","Action":"pass","Package":"github.com/fluid-cloudnative/fluid/pkg/utils/transformer","Test":"TestVerifyH1Canary_ObservedPartialTypeMetaOutput/KindOnly","Elapsed":0}
{"Time":"2026-07-28T15:23:12.568357176+08:00","Action":"run","Package":"github.com/fluid-cloudnative/fluid/pkg/utils/transformer","Test":"TestVerifyH1Canary_ObservedPartialTypeMetaOutput/APIVersionOnly"}
{"Time":"2026-07-28T15:23:12.568360328+08:00","Action":"output","Package":"github.com/fluid-cloudnative/fluid/pkg/utils/transformer","Test":"TestVerifyH1Canary_ObservedPartialTypeMetaOutput/APIVersionOnly","Output":"=== RUN   TestVerifyH1Canary_ObservedPartialTypeMetaOutput/APIVersionOnly\n"}
{"Time":"2026-07-28T15:23:12.568367488+08:00","Action":"output","Package":"github.com/fluid-cloudnative/fluid/pkg/utils/transformer","Test":"TestVerifyH1Canary_ObservedPartialTypeMetaOutput/APIVersionOnly","Output":"--- PASS: TestVerifyH1Canary_ObservedPartialTypeMetaOutput/APIVersionOnly (0.00s)\n"}
{"Time":"2026-07-28T15:23:12.568371218+08:00","Action":"pass","Package":"github.com/fluid-cloudnative/fluid/pkg/utils/transformer","Test":"TestVerifyH1Canary_ObservedPartialTypeMetaOutput/APIVersionOnly","Elapsed":0}
{"Time":"2026-07-28T15:23:12.568374662+08:00","Action":"run","Package":"github.com/fluid-cloudnative/fluid/pkg/utils/transformer","Test":"TestVerifyH1Canary_ObservedPartialTypeMetaOutput/BareVersionOnly"}
{"Time":"2026-07-28T15:23:12.568376718+08:00","Action":"output","Package":"github.com/fluid-cloudnative/fluid/pkg/utils/transformer","Test":"TestVerifyH1Canary_ObservedPartialTypeMetaOutput/BareVersionOnly","Output":"=== RUN   TestVerifyH1Canary_ObservedPartialTypeMetaOutput/BareVersionOnly\n"}
{"Time":"2026-07-28T15:23:12.5683793+08:00","Action":"output","Package":"github.com/fluid-cloudnative/fluid/pkg/utils/transformer","Test":"TestVerifyH1Canary_ObservedPartialTypeMetaOutput/BareVersionOnly","Output":"--- PASS: TestVerifyH1Canary_ObservedPartialTypeMetaOutput/BareVersionOnly (0.00s)\n"}
{"Time":"2026-07-28T15:23:12.568381756+08:00","Action":"pass","Package":"github.com/fluid-cloudnative/fluid/pkg/utils/transformer","Test":"TestVerifyH1Canary_ObservedPartialTypeMetaOutput/BareVersionOnly","Elapsed":0}
{"Time":"2026-07-28T15:23:12.568384525+08:00","Action":"output","Package":"github.com/fluid-cloudnative/fluid/pkg/utils/transformer","Test":"TestVerifyH1Canary_ObservedPartialTypeMetaOutput","Output":"--- PASS: TestVerifyH1Canary_ObservedPartialTypeMetaOutput (0.00s)\n"}
{"Time":"2026-07-28T15:23:12.568386761+08:00","Action":"pass","Package":"github.com/fluid-cloudnative/fluid/pkg/utils/transformer","Test":"TestVerifyH1Canary_ObservedPartialTypeMetaOutput","Elapsed":0}
{"Time":"2026-07-28T15:23:12.568388919+08:00","Action":"run","Package":"github.com/fluid-cloudnative/fluid/pkg/utils/transformer","Test":"TestVerifyH1_EmptyPredicateSemantics"}
{"Time":"2026-07-28T15:23:12.568391094+08:00","Action":"output","Package":"github.com/fluid-cloudnative/fluid/pkg/utils/transformer","Test":"TestVerifyH1_EmptyPredicateSemantics","Output":"=== RUN   TestVerifyH1_EmptyPredicateSemantics\n"}
{"Time":"2026-07-28T15:23:12.568394181+08:00","Action":"output","Package":"github.com/fluid-cloudnative/fluid/pkg/utils/transformer","Test":"TestVerifyH1_EmptyPredicateSemantics","Output":"--- PASS: TestVerifyH1_EmptyPredicateSemantics (0.00s)\n"}
{"Time":"2026-07-28T15:23:12.568396846+08:00","Action":"pass","Package":"github.com/fluid-cloudnative/fluid/pkg/utils/transformer","Test":"TestVerifyH1_EmptyPredicateSemantics","Elapsed":0}
{"Time":"2026-07-28T15:23:12.568399128+08:00","Action":"run","Package":"github.com/fluid-cloudnative/fluid/pkg/utils/transformer","Test":"TestVerifyH2_UnregisteredTypeLogsNoDiagnostic"}
{"Time":"2026-07-28T15:23:12.568401052+08:00","Action":"output","Package":"github.com/fluid-cloudnative/fluid/pkg/utils/transformer","Test":"TestVerifyH2_UnregisteredTypeLogsNoDiagnostic","Output":"=== RUN   TestVerifyH2_UnregisteredTypeLogsNoDiagnostic\n"}
{"Time":"2026-07-28T15:23:12.568403393+08:00","Action":"output","Package":"github.com/fluid-cloudnative/fluid/pkg/utils/transformer","Test":"TestVerifyH2_UnregisteredTypeLogsNoDiagnostic","Output":"    owner_reference_verify_test.go:218: H2 precondition: apiutil.GVKForObject returns an error that the caller drops: no kind is registered for the type v1.ConfigMap in scheme \"pkg/utils/transformer/owner_reference_verify_test.go:211\"\n"}
{"Time":"2026-07-28T15:23:12.568406959+08:00","Action":"output","Package":"github.com/fluid-cloudnative/fluid/pkg/utils/transformer","Test":"TestVerifyH2_UnregisteredTypeLogsNoDiagnostic","Output":"    owner_reference_verify_test.go:231: H2 observed: unregistered *v1.ConfigMap -\u003e OwnerReference{Kind:\"\" APIVersion:\"\" Enabled:true Controller:true}; log records captured=0\n"}
{"Time":"2026-07-28T15:23:12.568411801+08:00","Action":"output","Package":"github.com/fluid-cloudnative/fluid/pkg/utils/transformer","Test":"TestVerifyH2_UnregisteredTypeLogsNoDiagnostic","Output":"    owner_reference_verify_test.go:235: silent degradation confirmed: GVK resolution failed and produced an ownerReference {Kind:\"\" APIVersion:\"\" Enabled:true}, but emitted 0 log records — no error return, no event, nothing for an operator to diagnose\n"}
{"Time":"2026-07-28T15:23:12.568416114+08:00","Action":"output","Package":"github.com/fluid-cloudnative/fluid/pkg/utils/transformer","Test":"TestVerifyH2_UnregisteredTypeLogsNoDiagnostic","Output":"--- FAIL: TestVerifyH2_UnregisteredTypeLogsNoDiagnostic (0.00s)\n"}
{"Time":"2026-07-28T15:23:12.568418522+08:00","Action":"fail","Package":"github.com/fluid-cloudnative/fluid/pkg/utils/transformer","Test":"TestVerifyH2_UnregisteredTypeLogsNoDiagnostic","Elapsed":0}
{"Time":"2026-07-28T15:23:12.568420963+08:00","Action":"run","Package":"github.com/fluid-cloudnative/fluid/pkg/utils/transformer","Test":"TestVerifyH2Canary_UnregisteredTypeReturnsUnusableRef"}
{"Time":"2026-07-28T15:23:12.568423004+08:00","Action":"output","Package":"github.com/fluid-cloudnative/fluid/pkg/utils/transformer","Test":"TestVerifyH2Canary_UnregisteredTypeReturnsUnusableRef","Output":"=== RUN   TestVerifyH2Canary_UnregisteredTypeReturnsUnusableRef\n"}
{"Time":"2026-07-28T15:23:12.568425581+08:00","Action":"output","Package":"github.com/fluid-cloudnative/fluid/pkg/utils/transformer","Test":"TestVerifyH2Canary_UnregisteredTypeReturnsUnusableRef","Output":"--- PASS: TestVerifyH2Canary_UnregisteredTypeReturnsUnusableRef (0.00s)\n"}
{"Time":"2026-07-28T15:23:12.568427822+08:00","Action":"pass","Package":"github.com/fluid-cloudnative/fluid/pkg/utils/transformer","Test":"TestVerifyH2Canary_UnregisteredTypeReturnsUnusableRef","Elapsed":0}
{"Time":"2026-07-28T15:23:12.568430181+08:00","Action":"run","Package":"github.com/fluid-cloudnative/fluid/pkg/utils/transformer","Test":"TestVerifyH3Canary_BlockOwnerDeletionIsFalseWithControllerTrue"}
{"Time":"2026-07-28T15:23:12.568432196+08:00","Action":"output","Package":"github.com/fluid-cloudnative/fluid/pkg/utils/transformer","Test":"TestVerifyH3Canary_BlockOwnerDeletionIsFalseWithControllerTrue","Output":"=== RUN   TestVerifyH3Canary_BlockOwnerDeletionIsFalseWithControllerTrue\n"}
{"Time":"2026-07-28T15:23:12.568436324+08:00","Action":"output","Package":"github.com/fluid-cloudnative/fluid/pkg/utils/transformer","Test":"TestVerifyH3Canary_BlockOwnerDeletionIsFalseWithControllerTrue","Output":"    owner_reference_verify_test.go:315: H3 observed: Controller=true BlockOwnerDeletion=false\n"}
{"Time":"2026-07-28T15:23:12.568440843+08:00","Action":"output","Package":"github.com/fluid-cloudnative/fluid/pkg/utils/transformer","Test":"TestVerifyH3Canary_BlockOwnerDeletionIsFalseWithControllerTrue","Output":"--- PASS: TestVerifyH3Canary_BlockOwnerDeletionIsFalseWithControllerTrue (0.00s)\n"}
{"Time":"2026-07-28T15:23:12.568444936+08:00","Action":"pass","Package":"github.com/fluid-cloudnative/fluid/pkg/utils/transformer","Test":"TestVerifyH3Canary_BlockOwnerDeletionIsFalseWithControllerTrue","Elapsed":0}
{"Time":"2026-07-28T15:23:12.568448431+08:00","Action":"output","Package":"github.com/fluid-cloudnative/fluid/pkg/utils/transformer","Output":"FAIL\n"}
{"Time":"2026-07-28T15:23:12.568549247+08:00","Action":"output","Package":"github.com/fluid-cloudnative/fluid/pkg/utils/transformer","Output":"FAIL\tgithub.com/fluid-cloudnative/fluid/pkg/utils/transformer\t0.202s\n"}
{"Time":"2026-07-28T15:23:12.568556645+08:00","Action":"fail","Package":"github.com/fluid-cloudnative/fluid/pkg/utils/transformer","Elapsed":0.206}
